EN vga_sync NULL C:/Users/David/Sokoban_version1/VGA_SYNC.vhd sub00/vhpl08 1489663917
EN farb_tackt NULL C:/Users/David/Sokoban_version1/farb_tackt.vhd sub00/vhpl04 1489663913
AR taktteiler behavioral C:/Users/David/Sokoban_version1/Taktteiler.vhd sub00/vhpl07 1489663916
AR eingabe behavioral C:/Users/David/Sokoban_version1/Eingabe.vhd sub00/vhpl01 1489663910
EN farben NULL C:/Users/David/Sokoban_version1/FARBEN.vhd sub00/vhpl02 1489663911
AR farb_tackt behavioral C:/Users/David/Sokoban_version1/farb_tackt.vhd sub00/vhpl05 1489663914
EN top NULL C:/Users/David/Sokoban_version1/Top.vhf sub00/vhpl10 1489663919
EN eingabe NULL C:/Users/David/Sokoban_version1/Eingabe.vhd sub00/vhpl00 1489663909
AR farben behavioral C:/Users/David/Sokoban_version1/FARBEN.vhd sub00/vhpl03 1489663912
AR vga_sync arch C:/Users/David/Sokoban_version1/VGA_SYNC.vhd sub00/vhpl09 1489663918
AR top behavioral C:/Users/David/Sokoban_version1/Top.vhf sub00/vhpl11 1489663920
EN taktteiler NULL C:/Users/David/Sokoban_version1/Taktteiler.vhd sub00/vhpl06 1489663915
